// Jest Snapshot v1, https://goo.gl/fbAQLP

exports[`<PerilsCategory /> Should render correctly 1`] = `
<Styled(TouchableOpacity)
  activeOpacity={1}
  onPress={[Function]}
>
  <Styled(Component)>
    <Styled(Image)
      source={
        Object {
          "uri": "",
        }
      }
    />
    <Styled(Component)>
      <Styled(Component)>
        <Styled(Component)>
          <Styled(Text)>
            Jag och min familj
          </Styled(Text)>
        </Styled(Component)>
        <Styled(Component)>
          <Styled(Text)>
            Försäkras för
          </Styled(Text)>
        </Styled(Component)>
      </Styled(Component)>
      <Styled(Component)>
        <DisabledExpandButton
          size="mediumBig"
        />
      </Styled(Component)>
    </Styled(Component)>
  </Styled(Component)>
</Styled(TouchableOpacity)>
`;
