// Jest Snapshot v1, https://goo.gl/fbAQLP

exports[`<Footer /> Should render correctly 1`] = `
<footer
  className="pure-g Footer"
>
  <div
    className="pure-u-1-1 pure-u-md-1-3"
  >
    <div
      className="pure-g Footer__links"
    >
      <div
        className="pure-u-1-2"
      >
        <div
          aria-label="Hedvig logo"
          className="Footer__icon"
          role="img"
        />
      </div>
      <nav
        className="pure-u-1-2"
      >
        <Link
          className="Footer__link"
          replace={false}
          to="/contact"
        >
          Kontakt
        </Link>
        <Link
          className="Footer__link"
          replace={false}
          to="/legal"
        >
          Legal information
        </Link>
      </nav>
    </div>
  </div>
  <div
    className="pure-u-1-1 pure-u-md-2-3 Footer__social"
  >
    <a
      className="Footer__social-icon"
      href="https://itunes.apple.com/se/app/hedvig/id1303668531?mt=8"
      rel="noopener noreferrer"
      target="_blank"
    >
      <LazyLoad
        height={46}
        offset={200}
        once={false}
        overflow={false}
        resize={false}
        scroll={true}
        unmountIfInvisible={false}
      >
        <img
          alt="Ladda ner på App Store"
          src="/assets/web/appstores/appstore-button.svg"
          width={152}
        />
      </LazyLoad>
    </a>
    <a
      className="Footer__social-icon"
      href="https://play.google.com/store/apps/details?id=com.hedvig.app"
      rel="noopener noreferrer"
      target="_blank"
    >
      <LazyLoad
        height={46}
        offset={200}
        once={false}
        overflow={false}
        resize={false}
        scroll={true}
        unmountIfInvisible={false}
      >
        <img
          alt="Ladda ner på Google Play"
          src="/assets/web/appstores/google-play-button.svg"
          width={152}
        />
      </LazyLoad>
    </a>
  </div>
</footer>
`;
